✖ missing level has no zero or fabricated volume (1.295588ms)
✖ actual zero stays visible and raw unknown metadata remains explicit (0.173793ms)
✖ read-only integration never requests SC313 index one or writes sensor (0.151237ms)
ℹ tests 3
ℹ suites 0
ℹ pass 0
ℹ fail 3
ℹ cancelled 0
ℹ skipped 0
ℹ todo 0
ℹ duration_ms 113.472233

✖ failing tests:

test at tests/ui/level-panel.test.cjs:3:1
✖ missing level has no zero or fabricated volume (1.295588ms)
  Error: ENOENT: no such file or directory, open 'app/src/main/assets/ui/components/level-panel.js'
      at Object.readFileSync (node:fs:484:20)
      at moduleUnderTest (/workspace/scratch/76646e3208c5/omegas/tests/ui/level-panel.test.cjs:2:61)
      at TestContext.<anonymous> (/workspace/scratch/76646e3208c5/omegas/tests/ui/level-panel.test.cjs:3:68)
      at Test.runInAsyncScope (node:async_hooks:227:14)
      at Test.run (node:internal/test_runner/test:1382:25)
      at Test.start (node:internal/test_runner/test:1242:17)
      at startSubtestAfterBootstrap (node:internal/test_runner/harness:387:17) {
    errno: -2,
    code: 'ENOENT',
    syscall: 'open',
    path: 'app/src/main/assets/ui/components/level-panel.js'
  }

test at tests/ui/level-panel.test.cjs:4:1
✖ actual zero stays visible and raw unknown metadata remains explicit (0.173793ms)
  Error: ENOENT: no such file or directory, open 'app/src/main/assets/ui/components/level-panel.js'
      at Object.readFileSync (node:fs:484:20)
      at moduleUnderTest (/workspace/scratch/76646e3208c5/omegas/tests/ui/level-panel.test.cjs:2:61)
      at TestContext.<anonymous> (/workspace/scratch/76646e3208c5/omegas/tests/ui/level-panel.test.cjs:4:89)
      at Test.runInAsyncScope (node:async_hooks:227:14)
      at Test.run (node:internal/test_runner/test:1382:25)
      at Test.processPendingSubtests (node:internal/test_runner/test:960:18)
      at Test.postRun (node:internal/test_runner/test:1522:19)
      at Test.run (node:internal/test_runner/test:1447:12)
      at async startSubtestAfterBootstrap (node:internal/test_runner/harness:387:3) {
    errno: -2,
    code: 'ENOENT',
    syscall: 'open',
    path: 'app/src/main/assets/ui/components/level-panel.js'
  }

test at tests/ui/level-panel.test.cjs:5:1
✖ read-only integration never requests SC313 index one or writes sensor (0.151237ms)
  Error: ENOENT: no such file or directory, open 'app/src/main/java/com/omegas/prohub/telemetry/LevelSensorSnapshot.kt'
      at Object.readFileSync (node:fs:484:20)
      at TestContext.<anonymous> (/workspace/scratch/76646e3208c5/omegas/tests/ui/level-panel.test.cjs:5:94)
      at Test.runInAsyncScope (node:async_hooks:227:14)
      at Test.run (node:internal/test_runner/test:1382:25)
      at Test.processPendingSubtests (node:internal/test_runner/test:960:18)
      at Test.postRun (node:internal/test_runner/test:1522:19)
      at Test.run (node:internal/test_runner/test:1447:12)
      at async Test.processPendingSubtests (node:internal/test_runner/test:960:7) {
    errno: -2,
    code: 'ENOENT',
    syscall: 'open',
    path: 'app/src/main/java/com/omegas/prohub/telemetry/LevelSensorSnapshot.kt'
  }
