✔ notification route survives cold mount then opens Refino once; unknown route does nothing (3.386259ms)
✔ ready suggestion opens existing review; other phases never create a write (1.376262ms)
✔ Android cold/warm intents and UI entrypoints are wired without a timer or auto-write (0.819873ms)
✔ language never promises physical elimination of a jolt (1.599727ms)
✖ an open review keeps its chart and context across refresh (25.924874ms)
ℹ tests 5
ℹ suites 0
ℹ pass 4
ℹ fail 1
ℹ cancelled 0
ℹ skipped 0
ℹ todo 0
ℹ duration_ms 147.088323

✖ failing tests:

test at tests/ui/refinement-launch.test.cjs:10:1
✖ an open review keeps its chart and context across refresh (25.924874ms)
  AssertionError [ERR_ASSERTION]: Expected values to be strictly equal:
  
  2 !== 1
  
      at TestContext.<anonymous> (/workspace/scratch/76646e3208c5/omegas/tests/ui/refinement-launch.test.cjs:10:867)
      at Test.runInAsyncScope (node:async_hooks:227:14)
      at Test.run (node:internal/test_runner/test:1382:25)
      at Test.processPendingSubtests (node:internal/test_runner/test:960:18)
      at Test.postRun (node:internal/test_runner/test:1522:19)
      at Test.run (node:internal/test_runner/test:1447:12)
      at async Test.processPendingSubtests (node:internal/test_runner/test:960:7) {
    generatedMessage: true,
    code: 'ERR_ASSERTION',
    actual: 2,
    expected: 1,
    operator: 'strictEqual',
    diff: 'simple'
  }
