app/src/main/java/com/omegas/prohub/MainActivity.kt:259:9: warning: only safe (?.) or non-null asserted (!!.) calls are allowed on a nullable receiver of type 'android.view.View?'.
        root.requestApplyInsets()
        ^^^^
app/src/main/java/com/omegas/prohub/MainActivity.kt:270:19: warning: Java type mismatch: inferred type is 'android.webkit.WebView?', but 'android.webkit.WebView' was expected.
        webView = findViewById(R.id.hubWebView)
                  ^^^^^^^^^^^^^^^^^^^^^^^^^^^^^
app/src/main/java/com/omegas/prohub/MainActivity.kt:275:13: warning: 'var databaseEnabled: Boolean' is deprecated. Deprecated in Java.
            databaseEnabled = false
            ^^^^^^^^^^^^^^^
app/src/main/java/com/omegas/prohub/autocal/RefinementAutopilot.kt:155:18: warning: condition is always 'true'.
    }.also { if (it != null) save() }
                 ^^^^^^^^^^
app/src/main/java/com/omegas/prohub/physics/PhysicsUncertaintyOracle.kt:175:31: warning: non-public primary constructor is exposed via the generated 'copy()' method of the 'data' class.

The generated 'copy()' will change its visibility in future releases.

To suppress the warning do one of the following:
- Annotate the data class with the '@ConsistentCopyVisibility' annotation.
- Use the '-Xconsistent-data-class-copy-visibility' compiler flag.
- Annotate the data class with the '@ExposedCopyVisibility' annotation 
  (Discouraged, but can be used to keep binary compatibility).

To learn more, see the documentation of the '@ConsistentCopyVisibility' and '@ExposedCopyVisibility' annotations.

This will become an error in Kotlin 2.1.
data class PlantGainPosterior private constructor(
                              ^^^^^^^
app/src/main/java/com/omegas/prohub/service/NotificationController.kt:36:13: warning: only safe (?.) or non-null asserted (!!.) calls are allowed on a nullable receiver of type 'android.app.NotificationManager?'.
            context.getSystemService(NotificationManager::class.java).createNotificationChannel(channel)
            ^^^^^^^^^^^^^^^^^^^^^^^^^^^^^^^^^^^^^^^^^^^^^^^^^^^^^^^^^
app/src/main/java/com/omegas/prohub/service/NotificationController.kt:45:13: warning: only safe (?.) or non-null asserted (!!.) calls are allowed on a nullable receiver of type 'android.app.NotificationManager?'.
            context.getSystemService(NotificationManager::class.java).createNotificationChannel(refinement)
            ^^^^^^^^^^^^^^^^^^^^^^^^^^^^^^^^^^^^^^^^^^^^^^^^^^^^^^^^^
JUnit version 4.13.2
..................................................................................................................................................................................................................................................................................................................................................................................................SIM_ADVISOR_USEFUL scenarios=2000 withSuggestion=2000 actionable=4080
.SIM_ADVISOR_DEADBAND scenarios=5000 falseSuggestions=0
.SIM_REFERENCE_LOCAL scenarios=10000 accepted=10000 maxErrorMs=0.07999877120446808
.SIM_REFERENCE_FAR scenarios=5000 rejected=5000
................................................................................................................................................................................................................................................................................................................................
Time: 6.993

OK (709 tests)

